[backblue.gif]
[fade.gif]
[index.html]
[localhost/miviaje/wp-content/uploads/2018/09/planty-8.jpg]
[localhost/miviaje/feed/index.html]
[localhost/miviaje/comments/feed/index.html]
[localhost/miviaje/home-basic/feed/index.html]
[localhost/miviaje/wp-includes/js/jquery/jqueryb8ff.js]
[localhost/miviaje/wp-includes/js/jquery/jquery-migrate.min330a.js]
[localhost/miviaje/wp-includes/js/mediaelement/mediaelement-and-player.min45a0.js]
[localhost/miviaje/wp-includes/js/mediaelement/mediaelement-migrate.min5010.js]
[localhost/miviaje/xmlrpc0db0.php]
[localhost/miviaje/wp-json/index.html]
[localhost/miviaje/wp-includes/wlwmanifest.xml]
[localhost/miviaje/wp-json/oembed/1.0/embedc1b2.json]
[localhost/miviaje/wp-json/oembed/1.0/embedea3a]
[localhost/miviaje/wp-content/uploads/2018/09/cropped-4-2-32x32.png]
[localhost/miviaje/wp-content/uploads/2018/09/cropped-4-2-192x192.png]
[localhost/miviaje/wp-content/uploads/2018/09/cropped-4-2-180x180.png]
[localhost/miviaje/wp-content/uploads/2018/09/logo-real-2.png]
[localhost/miviaje/wp-content/uploads/2018/09/planty-10.jpg]
[localhost/miviaje/wp-content/uploads/2018/09/Screenshot_20180914-132014-600x400.png]
[localhost/miviaje/wp-content/uploads/2018/09/Screenshot_20180914-132014.png]
[localhost/miviaje/wp-content/uploads/2018/09/IMG_20180903_184637_951-600x400.jpg]
[localhost/miviaje/wp-content/uploads/2018/09/IMG_20180903_184637_951.jpg]
[themenectar.com/demo/salient-minimal-portfolio/wp-content/uploads/2016/11/bigg-150x150.jpg]
[localhost/miviaje/wp-includes/js/jquery/ui/core.mine899.js]
[localhost/miviaje/wp-includes/js/jquery/ui/widget.mine899.js]
[localhost/miviaje/wp-includes/js/jquery/ui/position.mine899.js]
[localhost/miviaje/wp-includes/js/jquery/ui/menu.mine899.js]
[localhost/miviaje/wp-includes/js/wp-a11y.min5010.js]
[localhost/miviaje/wp-includes/js/jquery/ui/autocomplete.mine899.js]
[localhost/miviaje/wp-content/themes/salient/nectar/assets/functions/ajax-search/wpss-search-suggest.js]
[localhost/miviaje/wp-content/plugins/contact-form-7/includes/js/scripts5560.js]
[localhost/miviaje/wp-content/themes/salient/js/modernizr61da.js]
[localhost/miviaje/wp-content/themes/salient/js/magnificf0a0.js]
[localhost/miviaje/wp-content/themes/salient/js/superfishb493.js]
[localhost/miviaje/wp-content/themes/salient/js/initc207.js]
[localhost/miviaje/wp-content/themes/salient/js/infinitescroll4963.js]
[localhost/miviaje/wp-includes/js/mediaelement/wp-mediaelement.min5010.js]
[localhost/miviaje/wp-content/themes/salient/js/flickity.minc64e.js]
[localhost/miviaje/wp-content/plugins/js_composer_salient/assets/lib/bower/flexslider/jquery.flexslider-min8b06.js]
[localhost/miviaje/wp-content/themes/salient/js/stickkit5152.js]
[localhost/miviaje/wp-content/themes/salient/js/touchswipe.min5152.js]
[localhost/miviaje/wp-content/themes/salient/js/select2.min49eb.js]
[localhost/miviaje/wp-includes/js/comment-reply.min5010.js]
[localhost/miviaje/wp-includes/js/wp-embed.min5010.js]
[localhost/miviaje/wp-content/plugins/js_composer_salient/assets/js/dist/js_composer_front.min8b06.js]
[localhost/miviaje/index.html]
[localhost/miviaje/wp-content/plugins/contact-form-7/images/ajax-loader.gif]
[localhost/miviaje/wp-content/plugins/contact-form-7/includes/css/styles5560.css]
[localhost/miviaje/wp-includes/js/mediaelement/mediaelementplayer-legacy.min45a0.css]
[localhost/miviaje/wp-includes/js/mediaelement/wp-mediaelement.min5010.css]
[localhost/miviaje/wp-content/themes/salient/css/rgs055d.css]
[localhost/miviaje/wp-content/plugins/elementor/assets/lib/font-awesome/fonts/fontawesome-webfont3e6e.eot]
[localhost/miviaje/wp-content/plugins/elementor/assets/lib/font-awesome/fonts/fontawesome-webfontd41d.eot]
[localhost/miviaje/wp-content/plugins/elementor/assets/lib/font-awesome/fonts/fontawesome-webfont3e6e.woff2]
[localhost/miviaje/wp-content/plugins/elementor/assets/lib/font-awesome/fonts/fontawesome-webfont3e6e.woff]
[localhost/miviaje/wp-content/plugins/elementor/assets/lib/font-awesome/fonts/fontawesome-webfont3e6e.ttf]
[localhost/miviaje/wp-content/plugins/elementor/assets/lib/font-awesome/css/font-awesome.min1849.css]
[localhost/miviaje/wp-content/themes/salient/css/fonts/OpenSans-Light-webfont.eot]
[localhost/miviaje/wp-content/themes/salient/css/fonts/OpenSans-Light-webfontd41d.eot]
[localhost/miviaje/wp-content/themes/salient/css/fonts/OpenSans-Light-webfont.woff]
[localhost/miviaje/wp-content/themes/salient/css/fonts/OpenSans-Light-webfont.ttf]
[localhost/miviaje/wp-content/themes/salient/css/fonts/OpenSans-Regular-webfont.eot]
[localhost/miviaje/wp-content/themes/salient/css/fonts/OpenSans-Regular-webfont.woff]
[localhost/miviaje/wp-content/themes/salient/css/fonts/OpenSans-Regular-webfont.ttf]
[localhost/miviaje/wp-content/themes/salient/css/fonts/OpenSans-Regular-webfontd41d.eot]
[localhost/miviaje/wp-content/themes/salient/css/fonts/OpenSans-Semibold-webfont.eot]
[localhost/miviaje/wp-content/themes/salient/css/fonts/OpenSans-Semibold-webfont.woff]
[localhost/miviaje/wp-content/themes/salient/css/fonts/OpenSans-Semibold-webfontd41d.eot]
[localhost/miviaje/wp-content/themes/salient/css/fonts/OpenSans-Semibold-webfont.ttf]
[localhost/miviaje/wp-content/themes/salient/css/fonts/OpenSansBold-webfont.eot]
[localhost/miviaje/wp-content/themes/salient/css/fonts/OpenSansBold-webfont.woff]
[localhost/miviaje/wp-content/themes/salient/css/fonts/OpenSansBold-webfontd41d.eot]
[localhost/miviaje/wp-content/themes/salient/css/fonts/OpenSansBold-webfont.ttf]
[localhost/miviaje/wp-content/themes/salient/img/icons/loading-white-bg.gif]
[localhost/miviaje/wp-content/themes/salient/img/icons/mag-glass-mobile.png]
[localhost/miviaje/wp-content/themes/salient/img/icons/mag-glass-mobile@2x.png]
[localhost/miviaje/wp-content/themes/salient/img/textures/diagonal_line.png]
[localhost/miviaje/wp-content/themes/salient/img/icons/slider-arrows-small.png]
[localhost/miviaje/wp-content/themes/salient/img/icons/jplayer.png]
[localhost/miviaje/wp-content/themes/salient/img/transparent.png]
[localhost/miviaje/wp-content/themes/salient/img/icons/quote.png]
[localhost/miviaje/wp-content/themes/salient/img/icons/link.png]
[localhost/miviaje/wp-content/themes/salient/img/icons/status.png]
[localhost/miviaje/wp-content/themes/salient/img/icons/aside.png]
[localhost/miviaje/wp-content/themes/salient/img/icons/quote@2x.png]
[localhost/miviaje/wp-content/themes/salient/img/icons/link@2x.png]
[localhost/miviaje/wp-content/themes/salient/img/icons/status@2x.png]
[localhost/miviaje/wp-content/themes/salient/img/icons/aside@2x.png]
[localhost/miviaje/wp-content/themes/salient/img/icons/portfolio-arrows.png]
[localhost/miviaje/wp-content/themes/salient/img/icons/portfolio-arrows@2x.png]
[localhost/miviaje/wp-content/themes/salient/img/icons/comment-children-line.jpg]
[localhost/miviaje/wp-content/themes/salient/css/fonts/icomoon.eot]
[localhost/miviaje/wp-content/themes/salient/css/fonts/icomoon.woff]
[localhost/miviaje/wp-content/themes/salient/css/fonts/icomoon.ttf]
[localhost/miviaje/wp-content/themes/salient/css/fonts/icomoond41d.eot]
[localhost/miviaje/wp-content/themes/salient/css/fonts/linecons.eot]
[localhost/miviaje/wp-content/themes/salient/css/fonts/linecons.ttf]
[localhost/miviaje/wp-content/themes/salient/css/fonts/lineconsd41d.eot]
[localhost/miviaje/wp-content/themes/salient/css/fonts/linecons.woff]
[localhost/miviaje/wp-content/themes/salient/css/fonts/steadysets.eot]
[localhost/miviaje/wp-content/themes/salient/css/fonts/steadysets.ttf]
[localhost/miviaje/wp-content/themes/salient/css/fonts/steadysets.woff]
[localhost/miviaje/wp-content/themes/salient/css/fonts/steadysetsd41d.eot]
[localhost/miviaje/wp-content/themes/salient/stylee69e.css]
[localhost/miviaje/wp-content/themes/salient/css/magnificf801.css]
[localhost/miviaje/wp-content/themes/salient/css/responsivee69e.css]
[localhost/miviaje/wp-content/themes/salient/css/select2ae48.css]
[localhost/miviaje/wp-content/themes/salient/css/ascend055d.css]
[localhost/miviaje/wp-content/plugins/js_composer_salient/assets/vc/alert.png]
[localhost/miviaje/wp-content/plugins/js_composer_salient/assets/vc/info.png]
[localhost/miviaje/wp-content/plugins/js_composer_salient/assets/vc/tick.png]
[localhost/miviaje/wp-content/plugins/js_composer_salient/assets/vc/exclamation.png]
[localhost/miviaje/wp-content/plugins/js_composer_salient/assets/images/icons/address-book.png]
[localhost/miviaje/wp-content/plugins/js_composer_salient/assets/images/icons/alarm-clock.png]
[localhost/miviaje/wp-content/plugins/js_composer_salient/assets/images/icons/anchor.png]
[localhost/miviaje/wp-content/plugins/js_composer_salient/assets/images/icons/application-image.png]
[localhost/miviaje/wp-content/plugins/js_composer_salient/assets/images/icons/arrow.png]
[localhost/miviaje/wp-content/plugins/js_composer_salient/assets/images/icons/asterisk.png]
[localhost/miviaje/wp-content/plugins/js_composer_salient/assets/images/icons/auction-hammer.png]
[localhost/miviaje/wp-content/plugins/js_composer_salient/assets/images/icons/balloon.png]
[localhost/miviaje/wp-content/plugins/js_composer_salient/assets/images/icons/balloon-buzz.png]
[localhost/miviaje/wp-content/plugins/js_composer_salient/assets/images/icons/balloon-facebook.png]
[localhost/miviaje/wp-content/plugins/js_composer_salient/assets/images/icons/balloon-twitter.png]
[localhost/miviaje/wp-content/plugins/js_composer_salient/assets/images/icons/battery-full.png]
[localhost/miviaje/wp-content/plugins/js_composer_salient/assets/images/icons/binocular.png]
[localhost/miviaje/wp-content/plugins/js_composer_salient/assets/images/icons/blue-document-excel.png]
[localhost/miviaje/wp-content/plugins/js_composer_salient/assets/images/icons/blue-document-image.png]
[localhost/miviaje/wp-content/plugins/js_composer_salient/assets/images/icons/blue-document-music.png]
[localhost/miviaje/wp-content/plugins/js_composer_salient/assets/images/icons/blue-document-office.png]
[localhost/miviaje/wp-content/plugins/js_composer_salient/assets/images/icons/blue-document-pdf.png]
[localhost/miviaje/wp-content/plugins/js_composer_salient/assets/images/icons/blue-document-powerpoint.png]
[localhost/miviaje/wp-content/plugins/js_composer_salient/assets/images/icons/blue-document-word.png]
[localhost/miviaje/wp-content/plugins/js_composer_salient/assets/images/icons/bookmark.png]
[localhost/miviaje/wp-content/plugins/js_composer_salient/assets/images/icons/camcorder.png]
[localhost/miviaje/wp-content/plugins/js_composer_salient/assets/images/icons/camera.png]
[localhost/miviaje/wp-content/plugins/js_composer_salient/assets/images/icons/chart.png]
[localhost/miviaje/wp-content/plugins/js_composer_salient/assets/images/icons/chart-pie.png]
[localhost/miviaje/wp-content/plugins/js_composer_salient/assets/images/icons/clock.png]
[localhost/miviaje/wp-content/plugins/js_composer_salient/assets/images/icons/control.png]
[localhost/miviaje/wp-content/plugins/js_composer_salient/assets/images/icons/fire.png]
[localhost/miviaje/wp-content/plugins/js_composer_salient/assets/images/icons/heart.png]
[localhost/miviaje/wp-content/plugins/js_composer_salient/assets/images/icons/mail.png]
[localhost/miviaje/wp-content/plugins/js_composer_salient/assets/images/icons/plus-shield.png]
[localhost/miviaje/wp-content/plugins/js_composer_salient/assets/images/icons/video.png]
[localhost/miviaje/wp-content/plugins/js_composer_salient/assets/fonts/vc_icons/fonts/VC-Icons8309.ttf]
[localhost/miviaje/wp-content/plugins/js_composer_salient/assets/fonts/vc_icons/fonts/VC-Icons8309.woff]
[localhost/miviaje/wp-content/plugins/js_composer_salient/assets/images/toggle_open.png]
[localhost/miviaje/wp-content/plugins/js_composer_salient/assets/images/toggle_close.png]
[localhost/miviaje/wp-content/plugins/js_composer_salient/assets/images/flickr.png]
[localhost/miviaje/wp-content/plugins/js_composer_salient/assets/fonts/vc_grid/vc_grid_v157a1.eot]
[localhost/miviaje/wp-content/plugins/js_composer_salient/assets/fonts/vc_grid/vc_grid_v1d41d.eot]
[localhost/miviaje/wp-content/plugins/js_composer_salient/assets/fonts/vc_grid/vc_grid_v157a1.woff]
[localhost/miviaje/wp-content/plugins/js_composer_salient/assets/fonts/vc_grid/vc_grid_v157a1.ttf]
[localhost/miviaje/wp-content/plugins/js_composer_salient/assets/images/spinner.gif]
[localhost/miviaje/wp-content/plugins/js_composer_salient/assets/vc/remove.png]
[localhost/miviaje/wp-content/plugins/js_composer_salient/assets/css/js_composer.min8b06.css]
[localhost/miviaje/wp-json/oembed/1.0/embed0305.json]
[localhost/miviaje/about-me/feed/index.html]
[localhost/miviaje/wp-json/oembed/1.0/embed176f]
[localhost/miviaje/wp-content/uploads/2018/09/planty-6-1.jpg]
[localhost/miviaje/wp-content/uploads/2018/09/book-2.jpg]
[localhost/miviaje/wp-content/uploads/2018/09/book-3.jpg]
[localhost/miviaje/wp-content/uploads/2018/09/book-4.jpg]
[localhost/miviaje/wp-content/uploads/2018/09/book-1.jpg]
[localhost/miviaje/wp-content/themes/salient/js/caroufredsel.minf0a0.js]
[localhost/miviaje/about-me/index.html]
[localhost/miviaje/wp-json/oembed/1.0/embed43eb.json]
[localhost/miviaje/about-me-example/feed/index.html]
[localhost/miviaje/wp-json/oembed/1.0/embeddff2]
[localhost/miviaje/wp-content/uploads/2018/09/planty-1.png]
[localhost/miviaje/wp-content/uploads/2018/09/Screenshot_20180913-182534.png]
[localhost/miviaje/wp-content/plugins/js_composer_salient/assets/lib/bower/progress-circle/ProgressCircle.min5010.js]
[localhost/miviaje/wp-content/plugins/js_composer_salient/assets/lib/vc_chart/jquery.vc_chart.min5010.js]
[localhost/miviaje/about-me-example/index.html]
[localhost/miviaje/wp-json/oembed/1.0/embedc4ff.json]
[localhost/miviaje/wp-json/oembed/1.0/embed7665]
[localhost/miviaje/wp-content/uploads/2018/09/4-2-1.png]
[localhost/miviaje/wp-content/uploads/elementor/thumbs/20180903_101033-nw3qit3r0izye1ii2d0ao6qb7xt4jvjti5wrn3d46c.jpg]
[localhost/miviaje/wp-content/uploads/elementor/thumbs/20180911_102658-nw3qj8561vkjjswnmjibs2xoq3qzz17iw8cjbiqtes.jpg]
[localhost/miviaje/wp-content/plugins/elementor/assets/lib/slick/slick.minc245.js]
[localhost/miviaje/wp-content/plugins/elementor/assets/lib/dialog/dialog.min268f.js]
[localhost/miviaje/wp-content/plugins/elementor/assets/lib/waypoints/waypoints.min05da.js]
[localhost/miviaje/wp-content/plugins/elementor/assets/lib/swiper/swiper.jquery.mincb20.js]
[localhost/miviaje/wp-content/plugins/elementor/assets/js/frontend.min3601.js]
[localhost/miviaje/elementor-6277/index.html]
[localhost/miviaje/wp-json/oembed/1.0/embed1f27.json]
[localhost/miviaje/wp-json/oembed/1.0/embed3321]
[localhost/miviaje/contact-minimal-portfolio/index.html]
[localhost/miviaje/wp-includes/js/mediaelement/mejs-controls.svg]
[localhost/miviaje/wp-content/plugins/elementor/assets/lib/font-awesome/fonts/fontawesome-webfont3e6e.svg]
[localhost/miviaje/wp-content/themes/salient/css/fonts/OpenSans-Light-webfont.svg]
[localhost/miviaje/wp-content/themes/salient/css/fonts/OpenSans-Regular-webfont.svg]
[localhost/miviaje/wp-content/themes/salient/css/fonts/OpenSans-Semibold-webfont.svg]
[localhost/miviaje/wp-content/themes/salient/css/fonts/OpenSansBold-webfont.svg]
[localhost/miviaje/wp-content/themes/salient/img/icons/social/vimeo-header-black.html]
[localhost/miviaje/wp-content/themes/salient/img/icons/social/behance-header-black.html]
[localhost/miviaje/wp-content/themes/salient/css/fonts/icomoon.svg]
[localhost/miviaje/wp-content/themes/salient/css/fonts/linecons.svg]
[localhost/miviaje/wp-content/themes/salient/css/fonts/steadysets.svg]
[localhost/miviaje/wp-content/themes/salient/images/select2-spinner.html]
[localhost/miviaje/wp-content/plugins/js_composer_salient/assets/fonts/vc_icons/fonts/VC-Icons8309.svg]
[localhost/miviaje/wp-content/plugins/js_composer_salient/assets/fonts/vc_grid/vc_grid_v157a1.svg]
[localhost/miviaje/index69b3.html]
[localhost/miviaje/index0ae0.html]
[localhost/miviaje/wp-content/plugins/elementor/assets/lib/eicons/fonts/eicons1df9.eot]
[localhost/miviaje/wp-content/plugins/elementor/assets/lib/eicons/fonts/eicons1df9.woff2]
[localhost/miviaje/wp-content/plugins/elementor/assets/lib/eicons/fonts/eicons1df9.woff]
[localhost/miviaje/wp-content/plugins/elementor/assets/lib/eicons/fonts/eicons1df9.ttf]
[localhost/miviaje/wp-content/plugins/elementor/assets/lib/eicons/css/elementor-icons.min9e95.css]
[localhost/miviaje/wp-content/plugins/elementor/assets/lib/animations/animations.min3601.css]
[localhost/miviaje/wp-content/plugins/elementor/assets/css/frontend.min3601.css]
[localhost/miviaje/wp-content/uploads/elementor/css/globale096.css]
[localhost/miviaje/wp-content/uploads/2018/09/fbfesvejgog-emanuel-hahn.jpg]
[localhost/miviaje/wp-content/uploads/elementor/css/post-6277411b.css]
[localhost/miviaje/index3abd.html]
[localhost/miviaje/wp-content/uploads/2018/09/planty.png]
[localhost/miviaje/wp-content/uploads/2018/09/6-1.png]
[localhost/miviaje/wp-content/uploads/elementor/css/post-75f868.css]
[localhost/miviaje/indexe839.html]
[localhost/miviaje/wp-content/plugins/elementor/assets/lib/eicons/fonts/eicons1df9.svg]
